// Jest Snapshot v1, https://goo.gl/fbAQLP

exports[`pages/members/list/components/header test should be a valid header rendered 1`] = `
<thead>
  <tr>
    <th>
      Avatar
    </th>
    <th>
      Id
    </th>
    <th>
      Name
    </th>
  </tr>
</thead>
`;
